src/cli/commands/upload.ts(13,1): error TS6133: 'Table' is declared but its value is never read.
src/cli/commands/upload.ts(39,39): error TS2345: Argument of type 'string | undefined' is not assignable to parameter of type 'string'.
  Type 'undefined' is not assignable to type 'string'.
src/services/docx-parser.service.ts(3,1): error TS6133: 'path' is declared but its value is never read.
src/services/docx-parser.service.ts(149,38): error TS2339: Property 'inline' does not exist on type 'Images'.
src/services/pdf-parser.service.ts(3,1): error TS6133: 'path' is declared but its value is never read.
src/services/pdf-parser.service.ts(4,17): error TS7016: Could not find a declaration file for module 'pdf-parse'. 'C:/Users/BonnyMakaniankhondo/Documents/GitHub/resume-agent/node_modules/pdf-parse/index.js' implicitly has an 'any' type.
  Try `npm i --save-dev @types/pdf-parse` if it exists or add a new declaration (.d.ts) file containing `declare module 'pdf-parse';`
src/services/pdf-parser.service.ts(116,40): error TS6133: 'pageNumbers' is declared but its value is never read.
